= CLEAN FIXED RUN @ 2025-11-03 01:47:15 =
[2025-11-03 01:47:15] Raíz de datos: C:\Users\Usert\Documents\Forex\Forex-H4-Data
[2025-11-03 01:47:15] Candidatos encontrados: 135
[2025-11-03 01:47:15] Base: [EURCAD-TH1]  → keep: 'EURCAD-TH1_FIXED_FIXED_FIXED_FIXED_FIXED_FIXED_FIXED_FIXED_FIXED_FIXED_FIXED_FIXED_FIXED_FIXED_FIXED_FIXED_FIXED_FIXED_FIXED.csv'  delete: 18
[2025-11-03 01:47:16] BORRADO → C:\Users\Usert\Documents\Forex\Forex-H4-Data\EURCAD-TH1_FIXED_FIXED_FIXED_FIXED_FIXED_FIXED_FIXED_FIXED_FIXED_FIXED_FIXED_FIXED_FIXED_FIXED_FIXED_FIXED_FIXED_FIXED.csv
[2025-11-03 01:47:16] BORRADO → C:\Users\Usert\Documents\Forex\Forex-H4-Data\EURCAD-TH1_FIXED_FIXED_FIXED_FIXED_FIXED_FIXED_FIXED_FIXED_FIXED_FIXED_FIXED_FIXED_FIXED_FIXED_FIXED_FIXED_FIXED.csv
[2025-11-03 01:47:16] BORRADO → C:\Users\Usert\Documents\Forex\Forex-H4-Data\EURCAD-TH1_FIXED_FIXED_FIXED_FIXED_FIXED_FIXED_FIXED_FIXED_FIXED_FIXED_FIXED_FIXED_FIXED_FIXED_FIXED_FIXED.csv
[2025-11-03 01:47:16] BORRADO → C:\Users\Usert\Documents\Forex\Forex-H4-Data\EURCAD-TH1_FIXED_FIXED_FIXED_FIXED_FIXED_FIXED_FIXED_FIXED_FIXED_FIXED_FIXED_FIXED_FIXED_FIXED_FIXED.csv
[2025-11-03 01:47:16] BORRADO → C:\Users\Usert\Documents\Forex\Forex-H4-Data\EURCAD-TH1_FIXED_FIXED_FIXED_FIXED_FIXED_FIXED_FIXED_FIXED_FIXED_FIXED_FIXED_FIXED_FIXED_FIXED.csv
[2025-11-03 01:47:16] BORRADO → C:\Users\Usert\Documents\Forex\Forex-H4-Data\EURCAD-TH1_FIXED_FIXED_FIXED_FIXED_FIXED_FIXED_FIXED_FIXED_FIXED_FIXED_FIXED_FIXED_FIXED.csv
[2025-11-03 01:47:16] BORRADO → C:\Users\Usert\Documents\Forex\Forex-H4-Data\EURCAD-TH1_FIXED_FIXED_FIXED_FIXED_FIXED_FIXED_FIXED_FIXED_FIXED_FIXED_FIXED_FIXED.csv
[2025-11-03 01:47:16] BORRADO → C:\Users\Usert\Documents\Forex\Forex-H4-Data\EURCAD-TH1_FIXED_FIXED_FIXED_FIXED_FIXED_FIXED_FIXED_FIXED_FIXED_FIXED_FIXED.csv
[2025-11-03 01:47:16] BORRADO → C:\Users\Usert\Documents\Forex\Forex-H4-Data\EURCAD-TH1_FIXED_FIXED_FIXED_FIXED_FIXED_FIXED_FIXED_FIXED_FIXED_FIXED.csv
[2025-11-03 01:47:16] BORRADO → C:\Users\Usert\Documents\Forex\Forex-H4-Data\EURCAD-TH1_FIXED_FIXED_FIXED_FIXED_FIXED_FIXED_FIXED_FIXED_FIXED.csv
[2025-11-03 01:47:16] BORRADO → C:\Users\Usert\Documents\Forex\Forex-H4-Data\EURCAD-TH1_FIXED_FIXED_FIXED_FIXED_FIXED_FIXED_FIXED_FIXED.csv
[2025-11-03 01:47:16] BORRADO → C:\Users\Usert\Documents\Forex\Forex-H4-Data\EURCAD-TH1_FIXED_FIXED_FIXED_FIXED_FIXED_FIXED_FIXED.csv
[2025-11-03 01:47:16] BORRADO → C:\Users\Usert\Documents\Forex\Forex-H4-Data\EURCAD-TH1_FIXED_FIXED_FIXED_FIXED_FIXED_FIXED.csv
[2025-11-03 01:47:16] BORRADO → C:\Users\Usert\Documents\Forex\Forex-H4-Data\EURCAD-TH1_FIXED_FIXED_FIXED_FIXED_FIXED.csv
[2025-11-03 01:47:16] BORRADO → C:\Users\Usert\Documents\Forex\Forex-H4-Data\EURCAD-TH1_FIXED_FIXED_FIXED_FIXED.csv
[2025-11-03 01:47:16] BORRADO → C:\Users\Usert\Documents\Forex\Forex-H4-Data\EURCAD-TH1_FIXED_FIXED_FIXED.csv
[2025-11-03 01:47:16] BORRADO → C:\Users\Usert\Documents\Forex\Forex-H4-Data\EURCAD-TH1_FIXED_FIXED.csv
[2025-11-03 01:47:16] BORRADO → C:\Users\Usert\Documents\Forex\Forex-H4-Data\EURCAD-TH1_FIXED.csv
[2025-11-03 01:47:16] Base: [EURCAD-TH4]  → keep: 'EURCAD-TH4_FIXED_FIXED_FIXED_FIXED_FIXED_FIXED_FIXED_FIXED_FIXED_FIXED_FIXED_FIXED_FIXED_FIXED_FIXED_FIXED_FIXED_FIXED_FIXED.csv'  delete: 18
[2025-11-03 01:47:16] BORRADO → C:\Users\Usert\Documents\Forex\Forex-H4-Data\EURCAD-TH4_FIXED_FIXED_FIXED_FIXED_FIXED_FIXED_FIXED_FIXED_FIXED_FIXED_FIXED_FIXED_FIXED_FIXED_FIXED_FIXED_FIXED_FIXED.csv
[2025-11-03 01:47:16] BORRADO → C:\Users\Usert\Documents\Forex\Forex-H4-Data\EURCAD-TH4_FIXED_FIXED_FIXED_FIXED_FIXED_FIXED_FIXED_FIXED_FIXED_FIXED_FIXED_FIXED_FIXED_FIXED_FIXED_FIXED_FIXED.csv
[2025-11-03 01:47:16] BORRADO → C:\Users\Usert\Documents\Forex\Forex-H4-Data\EURCAD-TH4_FIXED_FIXED_FIXED_FIXED_FIXED_FIXED_FIXED_FIXED_FIXED_FIXED_FIXED_FIXED_FIXED_FIXED_FIXED_FIXED.csv
[2025-11-03 01:47:16] BORRADO → C:\Users\Usert\Documents\Forex\Forex-H4-Data\EURCAD-TH4_FIXED_FIXED_FIXED_FIXED_FIXED_FIXED_FIXED_FIXED_FIXED_FIXED_FIXED_FIXED_FIXED_FIXED_FIXED.csv
[2025-11-03 01:47:16] BORRADO → C:\Users\Usert\Documents\Forex\Forex-H4-Data\EURCAD-TH4_FIXED_FIXED_FIXED_FIXED_FIXED_FIXED_FIXED_FIXED_FIXED_FIXED_FIXED_FIXED_FIXED_FIXED.csv
[2025-11-03 01:47:16] BORRADO → C:\Users\Usert\Documents\Forex\Forex-H4-Data\EURCAD-TH4_FIXED_FIXED_FIXED_FIXED_FIXED_FIXED_FIXED_FIXED_FIXED_FIXED_FIXED_FIXED_FIXED.csv
[2025-11-03 01:47:16] BORRADO → C:\Users\Usert\Documents\Forex\Forex-H4-Data\EURCAD-TH4_FIXED_FIXED_FIXED_FIXED_FIXED_FIXED_FIXED_FIXED_FIXED_FIXED_FIXED_FIXED.csv
[2025-11-03 01:47:16] BORRADO → C:\Users\Usert\Documents\Forex\Forex-H4-Data\EURCAD-TH4_FIXED_FIXED_FIXED_FIXED_FIXED_FIXED_FIXED_FIXED_FIXED_FIXED_FIXED.csv
[2025-11-03 01:47:16] BORRADO → C:\Users\Usert\Documents\Forex\Forex-H4-Data\EURCAD-TH4_FIXED_FIXED_FIXED_FIXED_FIXED_FIXED_FIXED_FIXED_FIXED_FIXED.csv
[2025-11-03 01:47:16] BORRADO → C:\Users\Usert\Documents\Forex\Forex-H4-Data\EURCAD-TH4_FIXED_FIXED_FIXED_FIXED_FIXED_FIXED_FIXED_FIXED_FIXED.csv
[2025-11-03 01:47:16] BORRADO → C:\Users\Usert\Documents\Forex\Forex-H4-Data\EURCAD-TH4_FIXED_FIXED_FIXED_FIXED_FIXED_FIXED_FIXED_FIXED.csv
[2025-11-03 01:47:16] BORRADO → C:\Users\Usert\Documents\Forex\Forex-H4-Data\EURCAD-TH4_FIXED_FIXED_FIXED_FIXED_FIXED_FIXED_FIXED.csv
[2025-11-03 01:47:16] BORRADO → C:\Users\Usert\Documents\Forex\Forex-H4-Data\EURCAD-TH4_FIXED_FIXED_FIXED_FIXED_FIXED_FIXED.csv
[2025-11-03 01:47:16] BORRADO → C:\Users\Usert\Documents\Forex\Forex-H4-Data\EURCAD-TH4_FIXED_FIXED_FIXED_FIXED_FIXED.csv
[2025-11-03 01:47:16] BORRADO → C:\Users\Usert\Documents\Forex\Forex-H4-Data\EURCAD-TH4_FIXED_FIXED_FIXED_FIXED.csv
[2025-11-03 01:47:16] BORRADO → C:\Users\Usert\Documents\Forex\Forex-H4-Data\EURCAD-TH4_FIXED_FIXED_FIXED.csv
[2025-11-03 01:47:16] BORRADO → C:\Users\Usert\Documents\Forex\Forex-H4-Data\EURCAD-TH4_FIXED_FIXED.csv
[2025-11-03 01:47:16] BORRADO → C:\Users\Usert\Documents\Forex\Forex-H4-Data\EURCAD-TH4_FIXED.csv
[2025-11-03 01:47:16] Base: [EURJPY-TDAILY]  → keep: 'EURJPY-TDaily_FIXED_FIXED_FIXED_FIXED_FIXED_FIXED_FIXED_FIXED_FIXED_FIXED_FIXED_FIXED_FIXED_FIXED_FIXED_FIXED_FIXED_FIXED_FIXED_FIXED_FIXED.csv'  delete: 20
[2025-11-03 01:47:16] BORRADO → C:\Users\Usert\Documents\Forex\Forex-H4-Data\EURJPY-TDaily_FIXED_FIXED_FIXED_FIXED_FIXED_FIXED_FIXED_FIXED_FIXED_FIXED_FIXED_FIXED_FIXED_FIXED_FIXED_FIXED_FIXED_FIXED_FIXED_FIXED.csv
[2025-11-03 01:47:16] BORRADO → C:\Users\Usert\Documents\Forex\Forex-H4-Data\EURJPY-TDaily_FIXED_FIXED_FIXED_FIXED_FIXED_FIXED_FIXED_FIXED_FIXED_FIXED_FIXED_FIXED_FIXED_FIXED_FIXED_FIXED_FIXED_FIXED_FIXED.csv
[2025-11-03 01:47:16] BORRADO → C:\Users\Usert\Documents\Forex\Forex-H4-Data\EURJPY-TDaily_FIXED_FIXED_FIXED_FIXED_FIXED_FIXED_FIXED_FIXED_FIXED_FIXED_FIXED_FIXED_FIXED_FIXED_FIXED_FIXED_FIXED_FIXED.csv
[2025-11-03 01:47:16] BORRADO → C:\Users\Usert\Documents\Forex\Forex-H4-Data\EURJPY-TDaily_FIXED_FIXED_FIXED_FIXED_FIXED_FIXED_FIXED_FIXED_FIXED_FIXED_FIXED_FIXED_FIXED_FIXED_FIXED_FIXED_FIXED.csv
[2025-11-03 01:47:16] BORRADO → C:\Users\Usert\Documents\Forex\Forex-H4-Data\EURJPY-TDaily_FIXED_FIXED_FIXED_FIXED_FIXED_FIXED_FIXED_FIXED_FIXED_FIXED_FIXED_FIXED_FIXED_FIXED_FIXED_FIXED.csv
[2025-11-03 01:47:16] BORRADO → C:\Users\Usert\Documents\Forex\Forex-H4-Data\EURJPY-TDaily_FIXED_FIXED_FIXED_FIXED_FIXED_FIXED_FIXED_FIXED_FIXED_FIXED_FIXED_FIXED_FIXED_FIXED_FIXED.csv
[2025-11-03 01:47:16] BORRADO → C:\Users\Usert\Documents\Forex\Forex-H4-Data\EURJPY-TDaily_FIXED_FIXED_FIXED_FIXED_FIXED_FIXED_FIXED_FIXED_FIXED_FIXED_FIXED_FIXED_FIXED_FIXED.csv
[2025-11-03 01:47:16] BORRADO → C:\Users\Usert\Documents\Forex\Forex-H4-Data\EURJPY-TDaily_FIXED_FIXED_FIXED_FIXED_FIXED_FIXED_FIXED_FIXED_FIXED_FIXED_FIXED_FIXED_FIXED.csv
[2025-11-03 01:47:16] BORRADO → C:\Users\Usert\Documents\Forex\Forex-H4-Data\EURJPY-TDaily_FIXED_FIXED_FIXED_FIXED_FIXED_FIXED_FIXED_FIXED_FIXED_FIXED_FIXED_FIXED.csv
[2025-11-03 01:47:16] BORRADO → C:\Users\Usert\Documents\Forex\Forex-H4-Data\EURJPY-TDaily_FIXED_FIXED_FIXED_FIXED_FIXED_FIXED_FIXED_FIXED_FIXED_FIXED_FIXED.csv
[2025-11-03 01:47:16] BORRADO → C:\Users\Usert\Documents\Forex\Forex-H4-Data\EURJPY-TDaily_FIXED_FIXED_FIXED_FIXED_FIXED_FIXED_FIXED_FIXED_FIXED_FIXED.csv
[2025-11-03 01:47:16] BORRADO → C:\Users\Usert\Documents\Forex\Forex-H4-Data\EURJPY-TDaily_FIXED_FIXED_FIXED_FIXED_FIXED_FIXED_FIXED_FIXED_FIXED.csv
[2025-11-03 01:47:16] BORRADO → C:\Users\Usert\Documents\Forex\Forex-H4-Data\EURJPY-TDaily_FIXED_FIXED_FIXED_FIXED_FIXED_FIXED_FIXED_FIXED.csv
[2025-11-03 01:47:16] BORRADO → C:\Users\Usert\Documents\Forex\Forex-H4-Data\EURJPY-TDaily_FIXED_FIXED_FIXED_FIXED_FIXED_FIXED_FIXED.csv
[2025-11-03 01:47:16] BORRADO → C:\Users\Usert\Documents\Forex\Forex-H4-Data\EURJPY-TDaily_FIXED_FIXED_FIXED_FIXED_FIXED_FIXED.csv
[2025-11-03 01:47:16] BORRADO → C:\Users\Usert\Documents\Forex\Forex-H4-Data\EURJPY-TDaily_FIXED_FIXED_FIXED_FIXED_FIXED.csv
[2025-11-03 01:47:16] BORRADO → C:\Users\Usert\Documents\Forex\Forex-H4-Data\EURJPY-TDaily_FIXED_FIXED_FIXED_FIXED.csv
[2025-11-03 01:47:16] BORRADO → C:\Users\Usert\Documents\Forex\Forex-H4-Data\EURJPY-TDaily_FIXED_FIXED_FIXED.csv
[2025-11-03 01:47:16] BORRADO → C:\Users\Usert\Documents\Forex\Forex-H4-Data\EURJPY-TDaily_FIXED_FIXED.csv
[2025-11-03 01:47:16] BORRADO → C:\Users\Usert\Documents\Forex\Forex-H4-Data\EURJPY-TDaily_FIXED.csv
[2025-11-03 01:47:16] Base: [EURJPY-TH4]  → keep: 'EURJPY-TH4_FIXED_FIXED_FIXED_FIXED_FIXED_FIXED_FIXED_FIXED_FIXED_FIXED_FIXED_FIXED_FIXED_FIXED_FIXED_FIXED_FIXED_FIXED_FIXED.csv'  delete: 18
[2025-11-03 01:47:16] BORRADO → C:\Users\Usert\Documents\Forex\Forex-H4-Data\EURJPY-TH4_FIXED_FIXED_FIXED_FIXED_FIXED_FIXED_FIXED_FIXED_FIXED_FIXED_FIXED_FIXED_FIXED_FIXED_FIXED_FIXED_FIXED_FIXED.csv
[2025-11-03 01:47:16] BORRADO → C:\Users\Usert\Documents\Forex\Forex-H4-Data\EURJPY-TH4_FIXED_FIXED_FIXED_FIXED_FIXED_FIXED_FIXED_FIXED_FIXED_FIXED_FIXED_FIXED_FIXED_FIXED_FIXED_FIXED_FIXED.csv
[2025-11-03 01:47:16] BORRADO → C:\Users\Usert\Documents\Forex\Forex-H4-Data\EURJPY-TH4_FIXED_FIXED_FIXED_FIXED_FIXED_FIXED_FIXED_FIXED_FIXED_FIXED_FIXED_FIXED_FIXED_FIXED_FIXED_FIXED.csv
[2025-11-03 01:47:16] BORRADO → C:\Users\Usert\Documents\Forex\Forex-H4-Data\EURJPY-TH4_FIXED_FIXED_FIXED_FIXED_FIXED_FIXED_FIXED_FIXED_FIXED_FIXED_FIXED_FIXED_FIXED_FIXED_FIXED.csv
[2025-11-03 01:47:16] BORRADO → C:\Users\Usert\Documents\Forex\Forex-H4-Data\EURJPY-TH4_FIXED_FIXED_FIXED_FIXED_FIXED_FIXED_FIXED_FIXED_FIXED_FIXED_FIXED_FIXED_FIXED_FIXED.csv
[2025-11-03 01:47:16] BORRADO → C:\Users\Usert\Documents\Forex\Forex-H4-Data\EURJPY-TH4_FIXED_FIXED_FIXED_FIXED_FIXED_FIXED_FIXED_FIXED_FIXED_FIXED_FIXED_FIXED_FIXED.csv
[2025-11-03 01:47:16] BORRADO → C:\Users\Usert\Documents\Forex\Forex-H4-Data\EURJPY-TH4_FIXED_FIXED_FIXED_FIXED_FIXED_FIXED_FIXED_FIXED_FIXED_FIXED_FIXED_FIXED.csv
[2025-11-03 01:47:16] BORRADO → C:\Users\Usert\Documents\Forex\Forex-H4-Data\EURJPY-TH4_FIXED_FIXED_FIXED_FIXED_FIXED_FIXED_FIXED_FIXED_FIXED_FIXED_FIXED.csv
[2025-11-03 01:47:16] BORRADO → C:\Users\Usert\Documents\Forex\Forex-H4-Data\EURJPY-TH4_FIXED_FIXED_FIXED_FIXED_FIXED_FIXED_FIXED_FIXED_FIXED_FIXED.csv
[2025-11-03 01:47:16] BORRADO → C:\Users\Usert\Documents\Forex\Forex-H4-Data\EURJPY-TH4_FIXED_FIXED_FIXED_FIXED_FIXED_FIXED_FIXED_FIXED_FIXED.csv
[2025-11-03 01:47:16] BORRADO → C:\Users\Usert\Documents\Forex\Forex-H4-Data\EURJPY-TH4_FIXED_FIXED_FIXED_FIXED_FIXED_FIXED_FIXED_FIXED.csv
[2025-11-03 01:47:16] BORRADO → C:\Users\Usert\Documents\Forex\Forex-H4-Data\EURJPY-TH4_FIXED_FIXED_FIXED_FIXED_FIXED_FIXED_FIXED.csv
[2025-11-03 01:47:16] BORRADO → C:\Users\Usert\Documents\Forex\Forex-H4-Data\EURJPY-TH4_FIXED_FIXED_FIXED_FIXED_FIXED_FIXED.csv
[2025-11-03 01:47:16] BORRADO → C:\Users\Usert\Documents\Forex\Forex-H4-Data\EURJPY-TH4_FIXED_FIXED_FIXED_FIXED_FIXED.csv
[2025-11-03 01:47:16] BORRADO → C:\Users\Usert\Documents\Forex\Forex-H4-Data\EURJPY-TH4_FIXED_FIXED_FIXED_FIXED.csv
[2025-11-03 01:47:16] BORRADO → C:\Users\Usert\Documents\Forex\Forex-H4-Data\EURJPY-TH4_FIXED_FIXED_FIXED.csv
[2025-11-03 01:47:16] BORRADO → C:\Users\Usert\Documents\Forex\Forex-H4-Data\EURJPY-TH4_FIXED_FIXED.csv
[2025-11-03 01:47:16] BORRADO → C:\Users\Usert\Documents\Forex\Forex-H4-Data\EURJPY-TH4_FIXED.csv
[2025-11-03 01:47:16] Base: [GBPJPY-TH4]  → keep: 'GBPJPY-TH4_FIXED_FIXED_FIXED_FIXED_FIXED_FIXED_FIXED_FIXED_FIXED_FIXED_FIXED_FIXED_FIXED_FIXED_FIXED_FIXED_FIXED_FIXED_FIXED.csv'  delete: 18
[2025-11-03 01:47:16] BORRADO → C:\Users\Usert\Documents\Forex\Forex-H4-Data\GBPJPY-TH4_FIXED_FIXED_FIXED_FIXED_FIXED_FIXED_FIXED_FIXED_FIXED_FIXED_FIXED_FIXED_FIXED_FIXED_FIXED_FIXED_FIXED_FIXED.csv
[2025-11-03 01:47:16] BORRADO → C:\Users\Usert\Documents\Forex\Forex-H4-Data\GBPJPY-TH4_FIXED_FIXED_FIXED_FIXED_FIXED_FIXED_FIXED_FIXED_FIXED_FIXED_FIXED_FIXED_FIXED_FIXED_FIXED_FIXED_FIXED.csv
[2025-11-03 01:47:16] BORRADO → C:\Users\Usert\Documents\Forex\Forex-H4-Data\GBPJPY-TH4_FIXED_FIXED_FIXED_FIXED_FIXED_FIXED_FIXED_FIXED_FIXED_FIXED_FIXED_FIXED_FIXED_FIXED_FIXED_FIXED.csv
[2025-11-03 01:47:16] BORRADO → C:\Users\Usert\Documents\Forex\Forex-H4-Data\GBPJPY-TH4_FIXED_FIXED_FIXED_FIXED_FIXED_FIXED_FIXED_FIXED_FIXED_FIXED_FIXED_FIXED_FIXED_FIXED_FIXED.csv
[2025-11-03 01:47:16] BORRADO → C:\Users\Usert\Documents\Forex\Forex-H4-Data\GBPJPY-TH4_FIXED_FIXED_FIXED_FIXED_FIXED_FIXED_FIXED_FIXED_FIXED_FIXED_FIXED_FIXED_FIXED_FIXED.csv
[2025-11-03 01:47:16] BORRADO → C:\Users\Usert\Documents\Forex\Forex-H4-Data\GBPJPY-TH4_FIXED_FIXED_FIXED_FIXED_FIXED_FIXED_FIXED_FIXED_FIXED_FIXED_FIXED_FIXED_FIXED.csv
[2025-11-03 01:47:16] BORRADO → C:\Users\Usert\Documents\Forex\Forex-H4-Data\GBPJPY-TH4_FIXED_FIXED_FIXED_FIXED_FIXED_FIXED_FIXED_FIXED_FIXED_FIXED_FIXED_FIXED.csv
[2025-11-03 01:47:16] BORRADO → C:\Users\Usert\Documents\Forex\Forex-H4-Data\GBPJPY-TH4_FIXED_FIXED_FIXED_FIXED_FIXED_FIXED_FIXED_FIXED_FIXED_FIXED_FIXED.csv
[2025-11-03 01:47:16] BORRADO → C:\Users\Usert\Documents\Forex\Forex-H4-Data\GBPJPY-TH4_FIXED_FIXED_FIXED_FIXED_FIXED_FIXED_FIXED_FIXED_FIXED_FIXED.csv
[2025-11-03 01:47:16] BORRADO → C:\Users\Usert\Documents\Forex\Forex-H4-Data\GBPJPY-TH4_FIXED_FIXED_FIXED_FIXED_FIXED_FIXED_FIXED_FIXED_FIXED.csv
[2025-11-03 01:47:16] BORRADO → C:\Users\Usert\Documents\Forex\Forex-H4-Data\GBPJPY-TH4_FIXED_FIXED_FIXED_FIXED_FIXED_FIXED_FIXED_FIXED.csv
[2025-11-03 01:47:16] BORRADO → C:\Users\Usert\Documents\Forex\Forex-H4-Data\GBPJPY-TH4_FIXED_FIXED_FIXED_FIXED_FIXED_FIXED_FIXED.csv
[2025-11-03 01:47:16] BORRADO → C:\Users\Usert\Documents\Forex\Forex-H4-Data\GBPJPY-TH4_FIXED_FIXED_FIXED_FIXED_FIXED_FIXED.csv
[2025-11-03 01:47:16] BORRADO → C:\Users\Usert\Documents\Forex\Forex-H4-Data\GBPJPY-TH4_FIXED_FIXED_FIXED_FIXED_FIXED.csv
[2025-11-03 01:47:16] BORRADO → C:\Users\Usert\Documents\Forex\Forex-H4-Data\GBPJPY-TH4_FIXED_FIXED_FIXED_FIXED.csv
[2025-11-03 01:47:16] BORRADO → C:\Users\Usert\Documents\Forex\Forex-H4-Data\GBPJPY-TH4_FIXED_FIXED_FIXED.csv
[2025-11-03 01:47:16] BORRADO → C:\Users\Usert\Documents\Forex\Forex-H4-Data\GBPJPY-TH4_FIXED_FIXED.csv
[2025-11-03 01:47:16] BORRADO → C:\Users\Usert\Documents\Forex\Forex-H4-Data\GBPJPY-TH4_FIXED.csv
[2025-11-03 01:47:16] Base: [NZDJPY-TH4]  → keep: 'NZDJPY-TH4_FIXED_FIXED_FIXED_FIXED_FIXED_FIXED_FIXED_FIXED_FIXED_FIXED_FIXED_FIXED_FIXED_FIXED_FIXED_FIXED_FIXED_FIXED_FIXED.csv'  delete: 18
[2025-11-03 01:47:16] BORRADO → C:\Users\Usert\Documents\Forex\Forex-H4-Data\NZDJPY-TH4_FIXED_FIXED_FIXED_FIXED_FIXED_FIXED_FIXED_FIXED_FIXED_FIXED_FIXED_FIXED_FIXED_FIXED_FIXED_FIXED_FIXED_FIXED.csv
[2025-11-03 01:47:16] BORRADO → C:\Users\Usert\Documents\Forex\Forex-H4-Data\NZDJPY-TH4_FIXED_FIXED_FIXED_FIXED_FIXED_FIXED_FIXED_FIXED_FIXED_FIXED_FIXED_FIXED_FIXED_FIXED_FIXED_FIXED_FIXED.csv
[2025-11-03 01:47:16] BORRADO → C:\Users\Usert\Documents\Forex\Forex-H4-Data\NZDJPY-TH4_FIXED_FIXED_FIXED_FIXED_FIXED_FIXED_FIXED_FIXED_FIXED_FIXED_FIXED_FIXED_FIXED_FIXED_FIXED_FIXED.csv
[2025-11-03 01:47:16] BORRADO → C:\Users\Usert\Documents\Forex\Forex-H4-Data\NZDJPY-TH4_FIXED_FIXED_FIXED_FIXED_FIXED_FIXED_FIXED_FIXED_FIXED_FIXED_FIXED_FIXED_FIXED_FIXED_FIXED.csv
[2025-11-03 01:47:16] BORRADO → C:\Users\Usert\Documents\Forex\Forex-H4-Data\NZDJPY-TH4_FIXED_FIXED_FIXED_FIXED_FIXED_FIXED_FIXED_FIXED_FIXED_FIXED_FIXED_FIXED_FIXED_FIXED.csv
[2025-11-03 01:47:16] BORRADO → C:\Users\Usert\Documents\Forex\Forex-H4-Data\NZDJPY-TH4_FIXED_FIXED_FIXED_FIXED_FIXED_FIXED_FIXED_FIXED_FIXED_FIXED_FIXED_FIXED_FIXED.csv
[2025-11-03 01:47:16] BORRADO → C:\Users\Usert\Documents\Forex\Forex-H4-Data\NZDJPY-TH4_FIXED_FIXED_FIXED_FIXED_FIXED_FIXED_FIXED_FIXED_FIXED_FIXED_FIXED_FIXED.csv
[2025-11-03 01:47:16] BORRADO → C:\Users\Usert\Documents\Forex\Forex-H4-Data\NZDJPY-TH4_FIXED_FIXED_FIXED_FIXED_FIXED_FIXED_FIXED_FIXED_FIXED_FIXED_FIXED.csv
[2025-11-03 01:47:16] BORRADO → C:\Users\Usert\Documents\Forex\Forex-H4-Data\NZDJPY-TH4_FIXED_FIXED_FIXED_FIXED_FIXED_FIXED_FIXED_FIXED_FIXED_FIXED.csv
[2025-11-03 01:47:16] BORRADO → C:\Users\Usert\Documents\Forex\Forex-H4-Data\NZDJPY-TH4_FIXED_FIXED_FIXED_FIXED_FIXED_FIXED_FIXED_FIXED_FIXED.csv
[2025-11-03 01:47:16] BORRADO → C:\Users\Usert\Documents\Forex\Forex-H4-Data\NZDJPY-TH4_FIXED_FIXED_FIXED_FIXED_FIXED_FIXED_FIXED_FIXED.csv
[2025-11-03 01:47:16] BORRADO → C:\Users\Usert\Documents\Forex\Forex-H4-Data\NZDJPY-TH4_FIXED_FIXED_FIXED_FIXED_FIXED_FIXED_FIXED.csv
[2025-11-03 01:47:16] BORRADO → C:\Users\Usert\Documents\Forex\Forex-H4-Data\NZDJPY-TH4_FIXED_FIXED_FIXED_FIXED_FIXED_FIXED.csv
[2025-11-03 01:47:16] BORRADO → C:\Users\Usert\Documents\Forex\Forex-H4-Data\NZDJPY-TH4_FIXED_FIXED_FIXED_FIXED_FIXED.csv
[2025-11-03 01:47:16] BORRADO → C:\Users\Usert\Documents\Forex\Forex-H4-Data\NZDJPY-TH4_FIXED_FIXED_FIXED_FIXED.csv
[2025-11-03 01:47:16] BORRADO → C:\Users\Usert\Documents\Forex\Forex-H4-Data\NZDJPY-TH4_FIXED_FIXED_FIXED.csv
[2025-11-03 01:47:16] BORRADO → C:\Users\Usert\Documents\Forex\Forex-H4-Data\NZDJPY-TH4_FIXED_FIXED.csv
[2025-11-03 01:47:16] BORRADO → C:\Users\Usert\Documents\Forex\Forex-H4-Data\NZDJPY-TH4_FIXED.csv
[2025-11-03 01:47:16] Base: [USDJPY-TH4]  → keep: 'USDJPY-TH4_FIXED_FIXED_FIXED_FIXED_FIXED_FIXED_FIXED_FIXED_FIXED_FIXED_FIXED_FIXED_FIXED_FIXED_FIXED_FIXED_FIXED_FIXED_FIXED.csv'  delete: 18
[2025-11-03 01:47:16] BORRADO → C:\Users\Usert\Documents\Forex\Forex-H4-Data\USDJPY-TH4_FIXED_FIXED_FIXED_FIXED_FIXED_FIXED_FIXED_FIXED_FIXED_FIXED_FIXED_FIXED_FIXED_FIXED_FIXED_FIXED_FIXED_FIXED.csv
[2025-11-03 01:47:16] BORRADO → C:\Users\Usert\Documents\Forex\Forex-H4-Data\USDJPY-TH4_FIXED_FIXED_FIXED_FIXED_FIXED_FIXED_FIXED_FIXED_FIXED_FIXED_FIXED_FIXED_FIXED_FIXED_FIXED_FIXED_FIXED.csv
[2025-11-03 01:47:16] BORRADO → C:\Users\Usert\Documents\Forex\Forex-H4-Data\USDJPY-TH4_FIXED_FIXED_FIXED_FIXED_FIXED_FIXED_FIXED_FIXED_FIXED_FIXED_FIXED_FIXED_FIXED_FIXED_FIXED_FIXED.csv
[2025-11-03 01:47:16] BORRADO → C:\Users\Usert\Documents\Forex\Forex-H4-Data\USDJPY-TH4_FIXED_FIXED_FIXED_FIXED_FIXED_FIXED_FIXED_FIXED_FIXED_FIXED_FIXED_FIXED_FIXED_FIXED_FIXED.csv
[2025-11-03 01:47:16] BORRADO → C:\Users\Usert\Documents\Forex\Forex-H4-Data\USDJPY-TH4_FIXED_FIXED_FIXED_FIXED_FIXED_FIXED_FIXED_FIXED_FIXED_FIXED_FIXED_FIXED_FIXED_FIXED.csv
[2025-11-03 01:47:16] BORRADO → C:\Users\Usert\Documents\Forex\Forex-H4-Data\USDJPY-TH4_FIXED_FIXED_FIXED_FIXED_FIXED_FIXED_FIXED_FIXED_FIXED_FIXED_FIXED_FIXED_FIXED.csv
[2025-11-03 01:47:16] BORRADO → C:\Users\Usert\Documents\Forex\Forex-H4-Data\USDJPY-TH4_FIXED_FIXED_FIXED_FIXED_FIXED_FIXED_FIXED_FIXED_FIXED_FIXED_FIXED_FIXED.csv
[2025-11-03 01:47:16] BORRADO → C:\Users\Usert\Documents\Forex\Forex-H4-Data\USDJPY-TH4_FIXED_FIXED_FIXED_FIXED_FIXED_FIXED_FIXED_FIXED_FIXED_FIXED_FIXED.csv
[2025-11-03 01:47:16] BORRADO → C:\Users\Usert\Documents\Forex\Forex-H4-Data\USDJPY-TH4_FIXED_FIXED_FIXED_FIXED_FIXED_FIXED_FIXED_FIXED_FIXED_FIXED.csv
[2025-11-03 01:47:16] BORRADO → C:\Users\Usert\Documents\Forex\Forex-H4-Data\USDJPY-TH4_FIXED_FIXED_FIXED_FIXED_FIXED_FIXED_FIXED_FIXED_FIXED.csv
[2025-11-03 01:47:16] BORRADO → C:\Users\Usert\Documents\Forex\Forex-H4-Data\USDJPY-TH4_FIXED_FIXED_FIXED_FIXED_FIXED_FIXED_FIXED_FIXED.csv
[2025-11-03 01:47:16] BORRADO → C:\Users\Usert\Documents\Forex\Forex-H4-Data\USDJPY-TH4_FIXED_FIXED_FIXED_FIXED_FIXED_FIXED_FIXED.csv
[2025-11-03 01:47:16] BORRADO → C:\Users\Usert\Documents\Forex\Forex-H4-Data\USDJPY-TH4_FIXED_FIXED_FIXED_FIXED_FIXED_FIXED.csv
[2025-11-03 01:47:16] BORRADO → C:\Users\Usert\Documents\Forex\Forex-H4-Data\USDJPY-TH4_FIXED_FIXED_FIXED_FIXED_FIXED.csv
[2025-11-03 01:47:16] BORRADO → C:\Users\Usert\Documents\Forex\Forex-H4-Data\USDJPY-TH4_FIXED_FIXED_FIXED_FIXED.csv
[2025-11-03 01:47:16] BORRADO → C:\Users\Usert\Documents\Forex\Forex-H4-Data\USDJPY-TH4_FIXED_FIXED_FIXED.csv
[2025-11-03 01:47:16] BORRADO → C:\Users\Usert\Documents\Forex\Forex-H4-Data\USDJPY-TH4_FIXED_FIXED.csv
[2025-11-03 01:47:16] BORRADO → C:\Users\Usert\Documents\Forex\Forex-H4-Data\USDJPY-TH4_FIXED.csv
[2025-11-03 01:47:16] Eliminación terminada. Archivos borrados: 128
[2025-11-03 01:47:16] Verificando normalizador: C:\Users\Usert\Documents\Forex\SCRIPTS\PowerShell\normalize_mt5_csv_watcher.ps1
[2025-11-03 01:47:16] Normalizador no está corriendo. Intentando iniciar...
[2025-11-03 01:47:16] Normalizador lanzado en segundo plano.
[2025-11-03 01:47:16] Fin. Log: C:\Users\Usert\Documents\Forex\Forex-H4-Data\tools\clean_fixed_20251103_014715.log
